[1/79] Automatic RCC for ../../mumble_flags.qrc
[2/78] Automatic MOC and UIC for target mumble_client_object_lib
[3/78] Building CXX object src/mumble/CMakeFiles/mumble_client_object_lib.dir/About.cpp.o
[4/78] Building CXX object src/mumble/CMakeFiles/mumble_client_object_lib.dir/Accessibility.cpp.o
[5/78] Building CXX object src/mumble/CMakeFiles/mumble_client_object_lib.dir/mumble_client_object_lib_autogen/mocs_compilation.cpp.o
[6/78] Building CXX object src/mumble/CMakeFiles/mumble_client_object_lib.dir/ACLEditor.cpp.o
[7/78] Building CXX object src/mumble/CMakeFiles/mumble_client_object_lib.dir/AudioConfigDialog.cpp.o
[8/78] Building CXX object src/mumble/CMakeFiles/mumble_client_object_lib.dir/API_v_1_x_x.cpp.o
[9/78] Building CXX object src/mumble/CMakeFiles/mumble_client_object_lib.dir/Audio.cpp.o
[10/78] Building CXX object src/mumble/CMakeFiles/mumble_client_object_lib.dir/AudioInput.cpp.o
[11/78] Building CXX object src/mumble/CMakeFiles/mumble_client_object_lib.dir/AudioOutput.cpp.o
[12/78] Building CXX object src/mumble/CMakeFiles/mumble_client_object_lib.dir/AudioOutputSample.cpp.o
[13/78] Building CXX object src/mumble/CMakeFiles/mumble_client_object_lib.dir/AudioOutputSpeech.cpp.o
[14/78] Building CXX object src/mumble/CMakeFiles/mumble_client_object_lib.dir/AudioStats.cpp.o
[15/78] Building CXX object src/mumble/CMakeFiles/mumble_client_object_lib.dir/AudioWizard.cpp.o
[16/78] Building CXX object src/mumble/CMakeFiles/mumble_client_object_lib.dir/BanEditor.cpp.o
[17/78] Building CXX object src/mumble/CMakeFiles/mumble_client_object_lib.dir/Cert.cpp.o
[18/78] Building CXX object src/mumble/CMakeFiles/mumble_client_object_lib.dir/ClientUser.cpp.o
[19/78] Building CXX object src/mumble/CMakeFiles/mumble_client_object_lib.dir/ConfigDialog.cpp.o
[20/78] Building CXX object src/mumble/CMakeFiles/mumble_client_object_lib.dir/CustomElements.cpp.o
[21/78] Building CXX object src/mumble/CMakeFiles/mumble_client_object_lib.dir/ConnectDialog.cpp.o
[22/78] Building CXX object src/mumble/CMakeFiles/mumble_client_object_lib.dir/Database.cpp.o
[23/78] Building CXX object src/mumble/CMakeFiles/mumble_client_object_lib.dir/EnumStringConversions.cpp.o
[24/78] Building CXX object src/mumble/CMakeFiles/mumble_client_object_lib.dir/Global.cpp.o
[25/78] Building CXX object src/mumble/CMakeFiles/mumble_client_object_lib.dir/GlobalShortcutButtons.cpp.o
[26/78] Building CXX object src/mumble/CMakeFiles/mumble_client_object_lib.dir/GlobalShortcut.cpp.o
[27/78] Building CXX object src/mumble/CMakeFiles/mumble_client_object_lib.dir/LCD.cpp.o
[28/78] Building CXX object src/mumble/CMakeFiles/mumble_client_object_lib.dir/JSONSerialization.cpp.o
[29/78] Building CXX object src/mumble/CMakeFiles/mumble_client_object_lib.dir/ListenerVolumeSlider.cpp.o
[30/78] Building CXX object src/mumble/CMakeFiles/mumble_client_object_lib.dir/Log.cpp.o
[31/78] Building CXX object src/mumble/CMakeFiles/mumble_client_object_lib.dir/LookConfig.cpp.o
[32/78] Building CXX object src/mumble/CMakeFiles/mumble_client_object_lib.dir/Messages.cpp.o
[33/78] Building CXX object src/mumble/CMakeFiles/mumble_client_object_lib.dir/MumbleApplication.cpp.o
[34/78] Building CXX object src/mumble/CMakeFiles/mumble_client_object_lib.dir/MainWindow.cpp.o
[35/78] Building CXX object src/mumble/CMakeFiles/mumble_client_object_lib.dir/NetworkConfig.cpp.o
[36/78] Building CXX object src/mumble/CMakeFiles/mumble_client_object_lib.dir/PluginConfig.cpp.o
[37/78] Building CXX object src/mumble/CMakeFiles/mumble_client_object_lib.dir/PluginInstaller.cpp.o
[38/78] Building CXX object src/mumble/CMakeFiles/mumble_client_object_lib.dir/PluginUpdater.cpp.o
[39/78] Building CXX object src/mumble/CMakeFiles/mumble_client_object_lib.dir/PluginManager.cpp.o
[40/78] Building CXX object src/mumble/CMakeFiles/mumble_client_object_lib.dir/PositionalAudioViewer.cpp.o
[41/78] Building CXX object src/mumble/CMakeFiles/mumble_client_object_lib.dir/PTTButtonWidget.cpp.o
[42/78] Building CXX object src/mumble/CMakeFiles/mumble_client_object_lib.dir/ScreenCapture.cpp.o
[43/78] Building CXX object src/mumble/CMakeFiles/mumble_client_object_lib.dir/RichTextEditor.cpp.o
[44/78] Building CXX object src/mumble/CMakeFiles/mumble_client_object_lib.dir/SearchDialog.cpp.o
[45/78] Building CXX object src/mumble/CMakeFiles/mumble_client_object_lib.dir/ServerHandler.cpp.o
[46/78] Building CXX object src/mumble/CMakeFiles/mumble_client_object_lib.dir/ServerInformation.cpp.o
[47/78] Building CXX object src/mumble/CMakeFiles/mumble_client_object_lib.dir/SocketRPC.cpp.o
[48/78] Building CXX object src/mumble/CMakeFiles/mumble_client_object_lib.dir/TalkingUI.cpp.o
[49/78] Building CXX object src/mumble/CMakeFiles/mumble_client_object_lib.dir/TalkingUIContainer.cpp.o
[50/78] Building CXX object src/mumble/CMakeFiles/mumble_client_object_lib.dir/Settings.cpp.o
[51/78] Building CXX object src/mumble/CMakeFiles/mumble_client_object_lib.dir/TalkingUIEntry.cpp.o
[52/78] Building CXX object src/mumble/CMakeFiles/mumble_client_object_lib.dir/TalkingUISelection.cpp.o
[53/78] Building CXX object src/mumble/CMakeFiles/mumble_client_object_lib.dir/TextMessage.cpp.o
[54/78] Building CXX object src/mumble/CMakeFiles/mumble_client_object_lib.dir/Themes.cpp.o
[55/78] Building CXX object src/mumble/CMakeFiles/mumble_client_object_lib.dir/Tokens.cpp.o
[56/78] Building CXX object src/mumble/CMakeFiles/mumble_client_object_lib.dir/Usage.cpp.o
[57/78] Building CXX object src/mumble/CMakeFiles/mumble_client_object_lib.dir/UserEdit.cpp.o
[58/78] Building CXX object src/mumble/CMakeFiles/mumble_client_object_lib.dir/UserInformation.cpp.o
[59/78] Building CXX object src/mumble/CMakeFiles/mumble_client_object_lib.dir/UserLocalNicknameDialog.cpp.o
[60/78] Building CXX object src/mumble/CMakeFiles/mumble_client_object_lib.dir/UserLocalVolumeSlider.cpp.o
[61/78] Building CXX object src/mumble/CMakeFiles/mumble_client_object_lib.dir/UserView.cpp.o
[62/78] Building CXX object src/mumble/CMakeFiles/mumble_client_object_lib.dir/UserModel.cpp.o
[63/78] Building CXX object src/mumble/CMakeFiles/mumble_client_object_lib.dir/VersionCheck.cpp.o
[64/78] Building CXX object src/mumble/CMakeFiles/mumble_client_object_lib.dir/VoiceRecorder.cpp.o
[65/78] Building CXX object src/mumble/CMakeFiles/mumble_client_object_lib.dir/WebFetch.cpp.o
[66/78] Building CXX object src/mumble/CMakeFiles/mumble_client_object_lib.dir/VoiceRecorderDialog.cpp.o
[67/78] Building CXX object src/mumble/CMakeFiles/mumble_client_object_lib.dir/widgets/AccessibleQGroupBox.cpp.o
[68/78] Building CXX object src/mumble/CMakeFiles/mumble_client_object_lib.dir/widgets/BanDialog.cpp.o
[69/78] Building CXX object src/mumble/CMakeFiles/mumble_client_object_lib.dir/widgets/FailedConnectionDialog.cpp.o
[70/78] Building CXX object src/mumble/CMakeFiles/mumble_client_object_lib.dir/widgets/TrayIcon.cpp.o
[71/78] Building CXX object src/mumble/CMakeFiles/mumble_client_object_lib.dir/GlobalShortcut_unix.cpp.o
[72/78] Building CXX object src/mumble/CMakeFiles/mumble_client_object_lib.dir/__/Channel.cpp.o
[73/78] Building CXX object src/mumble/CMakeFiles/mumble_client_object_lib.dir/TextToSpeech_unix.cpp.o
[74/78] Building CXX object src/mumble/CMakeFiles/mumble_client_object_lib.dir/DBus.cpp.o
[75/78] Building CXX object src/mumble/CMakeFiles/mumble_client_object_lib.dir/ALSAAudio.cpp.o
[76/78] Building CXX object src/mumble/CMakeFiles/mumble_client_object_lib.dir/PipeWire.cpp.o
[77/78] Building CXX object src/mumble/CMakeFiles/mumble.dir/main.cpp.o
[78/78] Linking CXX executable mumble
Internal ctest changing into directory: /client-build
Test project /client-build
    Start 2: TestVideoFramePacketizer
1/3 Test #2: TestVideoFramePacketizer .........   Passed    0.00 sec
    Start 3: TestVideoPacketPacer
2/3 Test #3: TestVideoPacketPacer .............   Passed    0.13 sec
    Start 4: TestVideoQualityProfile
3/3 Test #4: TestVideoQualityProfile ..........   Passed    0.00 sec

100% tests passed, 0 tests failed out of 3

Total Test time (real) =   0.14 sec
